// Jest Snapshot v1, https://goo.gl/fbAQLP

exports[`Course admin advanced completion test (no requirables) renders completable, certificate, percentage, default required 1`] = `
<DocumentFragment>
  <div
    class="course-admin-completion"
  >
    <div
      class="content"
    >
      <div
        class="error"
      />
      <div
        class="group"
      >
        <div
          class="completion-control no-border"
        >
          <div
            class="label"
          >
            <h1
              class="title ntiText"
            >
              Completion Requirements
            </h1>
          </div>
          <div
            class="control"
          >
            <div
              class="nti-toggle-input"
            >
              <div
                class="toggler-container"
              >
                <div
                  class="toggle-label on"
                >
                  On
                </div>
                <div
                  class="toggler on"
                >
                  <input
                    checked=""
                    type="checkbox"
                  />
                  <div
                    class="toggle-button on"
                  />
                </div>
              </div>
            </div>
          </div>
        </div>
        <div
          class="completion-control no-border"
        >
          <div
            class="label"
          >
            <span
              class="ntiText"
            >
              Configure the completion criteria your learners need to meet to earn Credit, Certificates, and Badges.
            </span>
            <div>
              <svg
                class="svg-icon nt-icon"
              >
                <g
                  fill="none"
                  fill-rule="evenodd"
                  stroke="none"
                  stroke-width="1"
                >
                  <g
                    transform="translate(-411.000000, -187.000000)"
                  >
                    <g
                      transform="translate(411.000000, 187.000000)"
                    >
                      <circle
                        cx="20"
                        cy="20"
                        r="18.5"
                        stroke="currentColor"
                        stroke-width="3"
                      />
                      <text
                        fill="currentColor"
                        font-family="OpenSans-Bold, Open Sans"
                        font-size="25"
                        font-weight="bold"
                      >
                        <tspan
                          x="16.4233398"
                          y="29"
                        >
                          !
                        </tspan>
                      </text>
                    </g>
                  </g>
                </g>
              </svg>
              <span
                class="ntiText"
              >
                Be sure to confirm all course content is final before allowing completion tracking, as further edits will impact learner reports.
              </span>
            </div>
          </div>
          <div
            class="control"
          />
        </div>
        <div
          class="completion-control"
        >
          <div
            class="label"
          >
            Percentage (1 to 100)
          </div>
          <div
            class="control"
          >
            <input
              class="number-input-component nti-number-input nti-text-input valid"
              max="100"
              min="1"
              pattern="[0-9]*"
              step="1"
              type="text"
              value="50"
            />
          </div>
        </div>
        <div
          class="default-required-container"
        >
          <div
            class="header"
          >
            Required by Default
          </div>
          <div
            class="items"
          >
            <div
              class="completion-control"
            >
              <div
                class="label"
              >
                Assignments
              </div>
              <div
                class="control"
              >
                <div
                  class="nti-toggle-input"
                >
                  <div
                    class="toggler-container"
                  >
                    <div
                      class="toggle-label off"
                    >
                      Off
                    </div>
                    <div
                      class="toggler off"
                    >
                      <input
                        type="checkbox"
                      />
                      <div
                        class="toggle-button off"
                      />
                    </div>
                  </div>
                </div>
              </div>
            </div>
            <div
              class="completion-control"
            >
              <div
                class="label"
              >
                Events
              </div>
              <div
                class="control"
              >
                <div
                  class="nti-toggle-input"
                >
                  <div
                    class="toggler-container"
                  >
                    <div
                      class="toggle-label off"
                    >
                      Off
                    </div>
                    <div
                      class="toggler off"
                    >
                      <input
                        type="checkbox"
                      />
                      <div
                        class="toggle-button off"
                      />
                    </div>
                  </div>
                </div>
              </div>
            </div>
            <div
              class="completion-control"
            >
              <div
                class="label"
              >
                External Links and Uploads
              </div>
              <div
                class="control"
              >
                <div
                  class="nti-toggle-input"
                >
                  <div
                    class="toggler-container"
                  >
                    <div
                      class="toggle-label off"
                    >
                      Off
                    </div>
                    <div
                      class="toggler off"
                    >
                      <input
                        type="checkbox"
                      />
                      <div
                        class="toggle-button off"
                      />
                    </div>
                  </div>
                </div>
              </div>
            </div>
            <div
              class="completion-control"
            >
              <div
                class="label"
              >
                LTI Tools
              </div>
              <div
                class="control"
              >
                <div
                  class="nti-toggle-input"
                >
                  <div
                    class="toggler-container"
                  >
                    <div
                      class="toggle-label off"
                    >
                      Off
                    </div>
                    <div
                      class="toggler off"
                    >
                      <input
                        type="checkbox"
                      />
                      <div
                        class="toggle-button off"
                      />
                    </div>
                  </div>
                </div>
              </div>
            </div>
            <div
              class="completion-control"
            >
              <div
                class="label"
              >
                Readings
              </div>
              <div
                class="control"
              >
                <div
                  class="nti-toggle-input"
                >
                  <div
                    class="toggler-container"
                  >
                    <div
                      class="toggle-label off"
                    >
                      Off
                    </div>
                    <div
                      class="toggler off"
                    >
                      <input
                        type="checkbox"
                      />
                      <div
                        class="toggle-button off"
                      />
                    </div>
                  </div>
                </div>
              </div>
            </div>
            <div
              class="completion-control"
            >
              <div
                class="label"
              >
                Surveys
              </div>
              <div
                class="control"
              >
                <div
                  class="nti-toggle-input"
                >
                  <div
                    class="toggler-container"
                  >
                    <div
                      class="toggle-label off"
                    >
                      Off
                    </div>
                    <div
                      class="toggler off"
                    >
                      <input
                        type="checkbox"
                      />
                      <div
                        class="toggle-button off"
                      />
                    </div>
                  </div>
                </div>
              </div>
            </div>
            <div
              class="completion-control has-description"
            >
              <div
                class="label"
              >
                Videos
              </div>
              <div
                class="control"
              >
                <div
                  class="nti-toggle-input"
                >
                  <div
                    class="toggler-container"
                  >
                    <div
                      class="toggle-label off"
                    >
                      Off
                    </div>
                    <div
                      class="toggler off"
                    >
                      <input
                        type="checkbox"
                      />
                      <div
                        class="toggle-button off"
                      />
                    </div>
                  </div>
                </div>
              </div>
            </div>
            <span
              class="description ntiText"
            >
              Learners must view 95% of the total runtime to complete a required video. A watch history timeline becomes available to learners once they have started a video.
            </span>
            <div
              class="completion-control"
            >
              <div
                class="label"
              >
                Webinars
              </div>
              <div
                class="control"
              >
                <div
                  class="nti-toggle-input"
                >
                  <div
                    class="toggler-container"
                  >
                    <div
                      class="toggle-label off"
                    >
                      Off
                    </div>
                    <div
                      class="toggler off"
                    >
                      <input
                        type="checkbox"
                      />
                      <div
                        class="toggle-button off"
                      />
                    </div>
                  </div>
                </div>
              </div>
            </div>
            <div
              class="completion-control"
            >
              <div
                class="label"
              >
                SCORM Packages
              </div>
              <div
                class="control"
              >
                <div
                  class="nti-toggle-input"
                >
                  <div
                    class="toggler-container"
                  >
                    <div
                      class="toggle-label off"
                    >
                      Off
                    </div>
                    <div
                      class="toggler off"
                    >
                      <input
                        type="checkbox"
                      />
                      <div
                        class="toggle-button off"
                      />
                    </div>
                  </div>
                </div>
              </div>
            </div>
          </div>
        </div>
      </div>
      <div
        class="group"
      >
        <span
          class="title ntiText"
        >
          Completion Awards
        </span>
        <div
          class="completion-control no-border"
        >
          <div
            class="label"
          >
            Certificate of Completion
          </div>
          <div
            class="control"
          >
            <div
              class="nti-toggle-input"
              data-testid="certificate-policy-switch"
            >
              <div
                class="toggler-container"
              >
                <div
                  class="toggle-label on"
                >
                  On
                </div>
                <div
                  class="toggler on"
                >
                  <input
                    checked=""
                    type="checkbox"
                  />
                  <div
                    class="toggle-button on"
                  />
                </div>
              </div>
            </div>
          </div>
        </div>
        <div
          class="certificate-selection"
        />
      </div>
    </div>
  </div>
</DocumentFragment>
`;

exports[`Course admin advanced completion test (with requirables) renders completable, certificate, percentage, default required 1`] = `
<DocumentFragment>
  <div
    class="course-admin-completion"
  >
    <div
      class="content"
    >
      <div
        class="error"
      />
      <div
        class="group"
      >
        <div
          class="completion-control no-border"
        >
          <div
            class="label"
          >
            <h1
              class="title ntiText"
            >
              Completion Requirements
            </h1>
          </div>
          <div
            class="control"
          >
            <div
              class="nti-toggle-input"
            >
              <div
                class="toggler-container"
              >
                <div
                  class="toggle-label on"
                >
                  On
                </div>
                <div
                  class="toggler on"
                >
                  <input
                    checked=""
                    type="checkbox"
                  />
                  <div
                    class="toggle-button on"
                  />
                </div>
              </div>
            </div>
          </div>
        </div>
        <div
          class="completion-control no-border"
        >
          <div
            class="label"
          >
            <span
              class="ntiText"
            >
              Configure the completion criteria your learners need to meet to earn Credit, Certificates, and Badges.
            </span>
            <div>
              <svg
                class="svg-icon nt-icon"
              >
                <g
                  fill="none"
                  fill-rule="evenodd"
                  stroke="none"
                  stroke-width="1"
                >
                  <g
                    transform="translate(-411.000000, -187.000000)"
                  >
                    <g
                      transform="translate(411.000000, 187.000000)"
                    >
                      <circle
                        cx="20"
                        cy="20"
                        r="18.5"
                        stroke="currentColor"
                        stroke-width="3"
                      />
                      <text
                        fill="currentColor"
                        font-family="OpenSans-Bold, Open Sans"
                        font-size="25"
                        font-weight="bold"
                      >
                        <tspan
                          x="16.4233398"
                          y="29"
                        >
                          !
                        </tspan>
                      </text>
                    </g>
                  </g>
                </g>
              </svg>
              <span
                class="ntiText"
              >
                Be sure to confirm all course content is final before allowing completion tracking, as further edits will impact learner reports.
              </span>
            </div>
          </div>
          <div
            class="control"
          />
        </div>
        <div
          class="completion-control"
        >
          <div
            class="label"
          >
            Percentage (1 to 100)
          </div>
          <div
            class="control"
          >
            <input
              class="number-input-component nti-number-input nti-text-input valid"
              max="100"
              min="1"
              pattern="[0-9]*"
              step="1"
              type="text"
              value="50"
            />
          </div>
        </div>
        <div
          class="default-required-container"
        >
          <div
            class="header"
          >
            Required by Default
          </div>
          <div
            class="items"
          >
            <div
              class="completion-control"
            >
              <div
                class="label"
              >
                Assignments
              </div>
              <div
                class="control"
              >
                <div
                  class="nti-toggle-input"
                >
                  <div
                    class="toggler-container"
                  >
                    <div
                      class="toggle-label on"
                    >
                      On
                    </div>
                    <div
                      class="toggler on"
                    >
                      <input
                        checked=""
                        type="checkbox"
                      />
                      <div
                        class="toggle-button on"
                      />
                    </div>
                  </div>
                </div>
              </div>
            </div>
            <div
              class="completion-control"
            >
              <div
                class="label"
              >
                Events
              </div>
              <div
                class="control"
              >
                <div
                  class="nti-toggle-input"
                >
                  <div
                    class="toggler-container"
                  >
                    <div
                      class="toggle-label off"
                    >
                      Off
                    </div>
                    <div
                      class="toggler off"
                    >
                      <input
                        type="checkbox"
                      />
                      <div
                        class="toggle-button off"
                      />
                    </div>
                  </div>
                </div>
              </div>
            </div>
            <div
              class="completion-control"
            >
              <div
                class="label"
              >
                External Links and Uploads
              </div>
              <div
                class="control"
              >
                <div
                  class="nti-toggle-input"
                >
                  <div
                    class="toggler-container"
                  >
                    <div
                      class="toggle-label on"
                    >
                      On
                    </div>
                    <div
                      class="toggler on"
                    >
                      <input
                        checked=""
                        type="checkbox"
                      />
                      <div
                        class="toggle-button on"
                      />
                    </div>
                  </div>
                </div>
              </div>
            </div>
            <div
              class="completion-control"
            >
              <div
                class="label"
              >
                LTI Tools
              </div>
              <div
                class="control"
              >
                <div
                  class="nti-toggle-input"
                >
                  <div
                    class="toggler-container"
                  >
                    <div
                      class="toggle-label on"
                    >
                      On
                    </div>
                    <div
                      class="toggler on"
                    >
                      <input
                        checked=""
                        type="checkbox"
                      />
                      <div
                        class="toggle-button on"
                      />
                    </div>
                  </div>
                </div>
              </div>
            </div>
            <div
              class="completion-control"
            >
              <div
                class="label"
              >
                Readings
              </div>
              <div
                class="control"
              >
                <div
                  class="nti-toggle-input"
                >
                  <div
                    class="toggler-container"
                  >
                    <div
                      class="toggle-label off"
                    >
                      Off
                    </div>
                    <div
                      class="toggler off"
                    >
                      <input
                        type="checkbox"
                      />
                      <div
                        class="toggle-button off"
                      />
                    </div>
                  </div>
                </div>
              </div>
            </div>
            <div
              class="completion-control"
            >
              <div
                class="label"
              >
                Surveys
              </div>
              <div
                class="control"
              >
                <div
                  class="nti-toggle-input"
                >
                  <div
                    class="toggler-container"
                  >
                    <div
                      class="toggle-label on"
                    >
                      On
                    </div>
                    <div
                      class="toggler on"
                    >
                      <input
                        checked=""
                        type="checkbox"
                      />
                      <div
                        class="toggle-button on"
                      />
                    </div>
                  </div>
                </div>
              </div>
            </div>
            <div
              class="completion-control has-description"
            >
              <div
                class="label"
              >
                Videos
              </div>
              <div
                class="control"
              >
                <div
                  class="nti-toggle-input"
                >
                  <div
                    class="toggler-container"
                  >
                    <div
                      class="toggle-label on"
                    >
                      On
                    </div>
                    <div
                      class="toggler on"
                    >
                      <input
                        checked=""
                        type="checkbox"
                      />
                      <div
                        class="toggle-button on"
                      />
                    </div>
                  </div>
                </div>
              </div>
            </div>
            <span
              class="description ntiText"
            >
              Learners must view 95% of the total runtime to complete a required video. A watch history timeline becomes available to learners once they have started a video.
            </span>
            <div
              class="completion-control"
            >
              <div
                class="label"
              >
                Webinars
              </div>
              <div
                class="control"
              >
                <div
                  class="nti-toggle-input"
                >
                  <div
                    class="toggler-container"
                  >
                    <div
                      class="toggle-label on"
                    >
                      On
                    </div>
                    <div
                      class="toggler on"
                    >
                      <input
                        checked=""
                        type="checkbox"
                      />
                      <div
                        class="toggle-button on"
                      />
                    </div>
                  </div>
                </div>
              </div>
            </div>
            <div
              class="completion-control"
            >
              <div
                class="label"
              >
                SCORM Packages
              </div>
              <div
                class="control"
              >
                <div
                  class="nti-toggle-input"
                >
                  <div
                    class="toggler-container"
                  >
                    <div
                      class="toggle-label off"
                    >
                      Off
                    </div>
                    <div
                      class="toggler off"
                    >
                      <input
                        type="checkbox"
                      />
                      <div
                        class="toggle-button off"
                      />
                    </div>
                  </div>
                </div>
              </div>
            </div>
          </div>
        </div>
      </div>
      <div
        class="group"
      >
        <span
          class="title ntiText"
        >
          Completion Awards
        </span>
        <div
          class="completion-control no-border"
        >
          <div
            class="label"
          >
            Certificate of Completion
          </div>
          <div
            class="control"
          >
            <div
              class="nti-toggle-input"
              data-testid="certificate-policy-switch"
            >
              <div
                class="toggler-container"
              >
                <div
                  class="toggle-label on"
                >
                  On
                </div>
                <div
                  class="toggler on"
                >
                  <input
                    checked=""
                    type="checkbox"
                  />
                  <div
                    class="toggle-button on"
                  />
                </div>
              </div>
            </div>
          </div>
        </div>
        <div
          class="certificate-selection"
        />
      </div>
    </div>
  </div>
</DocumentFragment>
`;

exports[`Course admin advanced completion test (with requirables) renders completable, no certificate, no percentage 1`] = `
<DocumentFragment>
  <div
    class="course-admin-completion"
  >
    <div
      class="content"
    >
      <div
        class="error"
      />
      <div
        class="group"
      >
        <div
          class="completion-control no-border"
        >
          <div
            class="label"
          >
            <h1
              class="title ntiText"
            >
              Completion Requirements
            </h1>
          </div>
          <div
            class="control"
          >
            <div
              class="nti-toggle-input"
            >
              <div
                class="toggler-container"
              >
                <div
                  class="toggle-label on"
                >
                  On
                </div>
                <div
                  class="toggler on"
                >
                  <input
                    checked=""
                    type="checkbox"
                  />
                  <div
                    class="toggle-button on"
                  />
                </div>
              </div>
            </div>
          </div>
        </div>
        <div
          class="completion-control no-border"
        >
          <div
            class="label"
          >
            <span
              class="ntiText"
            >
              Configure the completion criteria your learners need to meet to earn Credit, Certificates, and Badges.
            </span>
            <div>
              <svg
                class="svg-icon nt-icon"
              >
                <g
                  fill="none"
                  fill-rule="evenodd"
                  stroke="none"
                  stroke-width="1"
                >
                  <g
                    transform="translate(-411.000000, -187.000000)"
                  >
                    <g
                      transform="translate(411.000000, 187.000000)"
                    >
                      <circle
                        cx="20"
                        cy="20"
                        r="18.5"
                        stroke="currentColor"
                        stroke-width="3"
                      />
                      <text
                        fill="currentColor"
                        font-family="OpenSans-Bold, Open Sans"
                        font-size="25"
                        font-weight="bold"
                      >
                        <tspan
                          x="16.4233398"
                          y="29"
                        >
                          !
                        </tspan>
                      </text>
                    </g>
                  </g>
                </g>
              </svg>
              <span
                class="ntiText"
              >
                Be sure to confirm all course content is final before allowing completion tracking, as further edits will impact learner reports.
              </span>
            </div>
          </div>
          <div
            class="control"
          />
        </div>
        <div
          class="completion-control"
        >
          <div
            class="label"
          >
            Percentage (1 to 100)
          </div>
          <div
            class="control"
          >
            <input
              class="number-input-component nti-number-input nti-text-input invalid"
              max="100"
              min="1"
              pattern="[0-9]*"
              step="1"
              type="text"
              value=""
            />
          </div>
        </div>
        <div
          class="default-required-container"
        >
          <div
            class="header"
          >
            Required by Default
          </div>
          <div
            class="items"
          >
            <div
              class="completion-control"
            >
              <div
                class="label"
              >
                Assignments
              </div>
              <div
                class="control"
              >
                <div
                  class="nti-toggle-input"
                >
                  <div
                    class="toggler-container"
                  >
                    <div
                      class="toggle-label on"
                    >
                      On
                    </div>
                    <div
                      class="toggler on"
                    >
                      <input
                        checked=""
                        type="checkbox"
                      />
                      <div
                        class="toggle-button on"
                      />
                    </div>
                  </div>
                </div>
              </div>
            </div>
            <div
              class="completion-control"
            >
              <div
                class="label"
              >
                Events
              </div>
              <div
                class="control"
              >
                <div
                  class="nti-toggle-input"
                >
                  <div
                    class="toggler-container"
                  >
                    <div
                      class="toggle-label off"
                    >
                      Off
                    </div>
                    <div
                      class="toggler off"
                    >
                      <input
                        type="checkbox"
                      />
                      <div
                        class="toggle-button off"
                      />
                    </div>
                  </div>
                </div>
              </div>
            </div>
            <div
              class="completion-control"
            >
              <div
                class="label"
              >
                External Links and Uploads
              </div>
              <div
                class="control"
              >
                <div
                  class="nti-toggle-input"
                >
                  <div
                    class="toggler-container"
                  >
                    <div
                      class="toggle-label on"
                    >
                      On
                    </div>
                    <div
                      class="toggler on"
                    >
                      <input
                        checked=""
                        type="checkbox"
                      />
                      <div
                        class="toggle-button on"
                      />
                    </div>
                  </div>
                </div>
              </div>
            </div>
            <div
              class="completion-control"
            >
              <div
                class="label"
              >
                LTI Tools
              </div>
              <div
                class="control"
              >
                <div
                  class="nti-toggle-input"
                >
                  <div
                    class="toggler-container"
                  >
                    <div
                      class="toggle-label on"
                    >
                      On
                    </div>
                    <div
                      class="toggler on"
                    >
                      <input
                        checked=""
                        type="checkbox"
                      />
                      <div
                        class="toggle-button on"
                      />
                    </div>
                  </div>
                </div>
              </div>
            </div>
            <div
              class="completion-control"
            >
              <div
                class="label"
              >
                Readings
              </div>
              <div
                class="control"
              >
                <div
                  class="nti-toggle-input"
                >
                  <div
                    class="toggler-container"
                  >
                    <div
                      class="toggle-label off"
                    >
                      Off
                    </div>
                    <div
                      class="toggler off"
                    >
                      <input
                        type="checkbox"
                      />
                      <div
                        class="toggle-button off"
                      />
                    </div>
                  </div>
                </div>
              </div>
            </div>
            <div
              class="completion-control"
            >
              <div
                class="label"
              >
                Surveys
              </div>
              <div
                class="control"
              >
                <div
                  class="nti-toggle-input"
                >
                  <div
                    class="toggler-container"
                  >
                    <div
                      class="toggle-label on"
                    >
                      On
                    </div>
                    <div
                      class="toggler on"
                    >
                      <input
                        checked=""
                        type="checkbox"
                      />
                      <div
                        class="toggle-button on"
                      />
                    </div>
                  </div>
                </div>
              </div>
            </div>
            <div
              class="completion-control has-description"
            >
              <div
                class="label"
              >
                Videos
              </div>
              <div
                class="control"
              >
                <div
                  class="nti-toggle-input"
                >
                  <div
                    class="toggler-container"
                  >
                    <div
                      class="toggle-label on"
                    >
                      On
                    </div>
                    <div
                      class="toggler on"
                    >
                      <input
                        checked=""
                        type="checkbox"
                      />
                      <div
                        class="toggle-button on"
                      />
                    </div>
                  </div>
                </div>
              </div>
            </div>
            <span
              class="description ntiText"
            >
              Learners must view 95% of the total runtime to complete a required video. A watch history timeline becomes available to learners once they have started a video.
            </span>
            <div
              class="completion-control"
            >
              <div
                class="label"
              >
                Webinars
              </div>
              <div
                class="control"
              >
                <div
                  class="nti-toggle-input"
                >
                  <div
                    class="toggler-container"
                  >
                    <div
                      class="toggle-label on"
                    >
                      On
                    </div>
                    <div
                      class="toggler on"
                    >
                      <input
                        checked=""
                        type="checkbox"
                      />
                      <div
                        class="toggle-button on"
                      />
                    </div>
                  </div>
                </div>
              </div>
            </div>
            <div
              class="completion-control"
            >
              <div
                class="label"
              >
                SCORM Packages
              </div>
              <div
                class="control"
              >
                <div
                  class="nti-toggle-input"
                >
                  <div
                    class="toggler-container"
                  >
                    <div
                      class="toggle-label off"
                    >
                      Off
                    </div>
                    <div
                      class="toggler off"
                    >
                      <input
                        type="checkbox"
                      />
                      <div
                        class="toggle-button off"
                      />
                    </div>
                  </div>
                </div>
              </div>
            </div>
          </div>
        </div>
      </div>
      <div
        class="group"
      >
        <span
          class="title ntiText"
        >
          Completion Awards
        </span>
        <div
          class="completion-control no-border"
        >
          <div
            class="label"
          >
            Certificate of Completion
          </div>
          <div
            class="control"
          >
            <div
              class="nti-toggle-input"
              data-testid="certificate-policy-switch"
            >
              <div
                class="toggler-container"
              >
                <div
                  class="toggle-label off"
                >
                  Off
                </div>
                <div
                  class="toggler off"
                >
                  <input
                    type="checkbox"
                  />
                  <div
                    class="toggle-button off"
                  />
                </div>
              </div>
            </div>
          </div>
        </div>
        <div
          class="certificate-selection"
        />
      </div>
    </div>
  </div>
</DocumentFragment>
`;

exports[`Course admin advanced completion test (with requirables) renders completable, no certificate, no percentage, default required disabled 1`] = `
<DocumentFragment>
  <div
    class="course-admin-completion"
  >
    <div
      class="content"
    >
      <div
        class="error"
      />
      <div
        class="group"
      >
        <div
          class="completion-control no-border"
        >
          <div
            class="label"
          >
            <h1
              class="title ntiText"
            >
              Completion Requirements
            </h1>
          </div>
          <div
            class="control"
          >
            <div
              class="nti-toggle-input"
            >
              <div
                class="toggler-container"
              >
                <div
                  class="toggle-label on"
                >
                  On
                </div>
                <div
                  class="toggler on"
                >
                  <input
                    checked=""
                    type="checkbox"
                  />
                  <div
                    class="toggle-button on"
                  />
                </div>
              </div>
            </div>
          </div>
        </div>
        <div
          class="completion-control no-border"
        >
          <div
            class="label"
          >
            <span
              class="ntiText"
            >
              Configure the completion criteria your learners need to meet to earn Credit, Certificates, and Badges.
            </span>
            <div>
              <svg
                class="svg-icon nt-icon"
              >
                <g
                  fill="none"
                  fill-rule="evenodd"
                  stroke="none"
                  stroke-width="1"
                >
                  <g
                    transform="translate(-411.000000, -187.000000)"
                  >
                    <g
                      transform="translate(411.000000, 187.000000)"
                    >
                      <circle
                        cx="20"
                        cy="20"
                        r="18.5"
                        stroke="currentColor"
                        stroke-width="3"
                      />
                      <text
                        fill="currentColor"
                        font-family="OpenSans-Bold, Open Sans"
                        font-size="25"
                        font-weight="bold"
                      >
                        <tspan
                          x="16.4233398"
                          y="29"
                        >
                          !
                        </tspan>
                      </text>
                    </g>
                  </g>
                </g>
              </svg>
              <span
                class="ntiText"
              >
                Be sure to confirm all course content is final before allowing completion tracking, as further edits will impact learner reports.
              </span>
            </div>
          </div>
          <div
            class="control"
          />
        </div>
        <div
          class="completion-control"
        >
          <div
            class="label"
          >
            Percentage (1 to 100)
          </div>
          <div
            class="control"
          >
            <input
              class="number-input-component nti-number-input nti-text-input invalid"
              max="100"
              min="1"
              pattern="[0-9]*"
              step="1"
              type="text"
              value=""
            />
          </div>
        </div>
        <div
          class="default-required-container disabled"
        >
          <div
            class="header"
          >
            Required by Default
          </div>
          <div
            class="items"
          >
            <div
              class="completion-control disabled"
            >
              <div
                class="label"
              >
                Assignments
              </div>
              <div
                class="control"
              >
                <div
                  class="nti-toggle-input"
                >
                  <div
                    class="toggler-container"
                  >
                    <div
                      class="toggle-label on"
                    >
                      On
                    </div>
                    <div
                      class="toggler on disabled"
                    >
                      <input
                        checked=""
                        disabled=""
                        type="checkbox"
                      />
                      <div
                        class="toggle-button on"
                      />
                    </div>
                  </div>
                </div>
              </div>
            </div>
            <div
              class="completion-control disabled"
            >
              <div
                class="label"
              >
                Events
              </div>
              <div
                class="control"
              >
                <div
                  class="nti-toggle-input"
                >
                  <div
                    class="toggler-container"
                  >
                    <div
                      class="toggle-label off"
                    >
                      Off
                    </div>
                    <div
                      class="toggler off disabled"
                    >
                      <input
                        disabled=""
                        type="checkbox"
                      />
                      <div
                        class="toggle-button off"
                      />
                    </div>
                  </div>
                </div>
              </div>
            </div>
            <div
              class="completion-control disabled"
            >
              <div
                class="label"
              >
                External Links and Uploads
              </div>
              <div
                class="control"
              >
                <div
                  class="nti-toggle-input"
                >
                  <div
                    class="toggler-container"
                  >
                    <div
                      class="toggle-label on"
                    >
                      On
                    </div>
                    <div
                      class="toggler on disabled"
                    >
                      <input
                        checked=""
                        disabled=""
                        type="checkbox"
                      />
                      <div
                        class="toggle-button on"
                      />
                    </div>
                  </div>
                </div>
              </div>
            </div>
            <div
              class="completion-control disabled"
            >
              <div
                class="label"
              >
                LTI Tools
              </div>
              <div
                class="control"
              >
                <div
                  class="nti-toggle-input"
                >
                  <div
                    class="toggler-container"
                  >
                    <div
                      class="toggle-label on"
                    >
                      On
                    </div>
                    <div
                      class="toggler on disabled"
                    >
                      <input
                        checked=""
                        disabled=""
                        type="checkbox"
                      />
                      <div
                        class="toggle-button on"
                      />
                    </div>
                  </div>
                </div>
              </div>
            </div>
            <div
              class="completion-control disabled"
            >
              <div
                class="label"
              >
                Readings
              </div>
              <div
                class="control"
              >
                <div
                  class="nti-toggle-input"
                >
                  <div
                    class="toggler-container"
                  >
                    <div
                      class="toggle-label off"
                    >
                      Off
                    </div>
                    <div
                      class="toggler off disabled"
                    >
                      <input
                        disabled=""
                        type="checkbox"
                      />
                      <div
                        class="toggle-button off"
                      />
                    </div>
                  </div>
                </div>
              </div>
            </div>
            <div
              class="completion-control disabled"
            >
              <div
                class="label"
              >
                Surveys
              </div>
              <div
                class="control"
              >
                <div
                  class="nti-toggle-input"
                >
                  <div
                    class="toggler-container"
                  >
                    <div
                      class="toggle-label on"
                    >
                      On
                    </div>
                    <div
                      class="toggler on disabled"
                    >
                      <input
                        checked=""
                        disabled=""
                        type="checkbox"
                      />
                      <div
                        class="toggle-button on"
                      />
                    </div>
                  </div>
                </div>
              </div>
            </div>
            <div
              class="completion-control disabled has-description"
            >
              <div
                class="label"
              >
                Videos
              </div>
              <div
                class="control"
              >
                <div
                  class="nti-toggle-input"
                >
                  <div
                    class="toggler-container"
                  >
                    <div
                      class="toggle-label on"
                    >
                      On
                    </div>
                    <div
                      class="toggler on disabled"
                    >
                      <input
                        checked=""
                        disabled=""
                        type="checkbox"
                      />
                      <div
                        class="toggle-button on"
                      />
                    </div>
                  </div>
                </div>
              </div>
            </div>
            <span
              class="description ntiText"
            >
              Learners must view 95% of the total runtime to complete a required video. A watch history timeline becomes available to learners once they have started a video.
            </span>
            <div
              class="completion-control disabled"
            >
              <div
                class="label"
              >
                Webinars
              </div>
              <div
                class="control"
              >
                <div
                  class="nti-toggle-input"
                >
                  <div
                    class="toggler-container"
                  >
                    <div
                      class="toggle-label on"
                    >
                      On
                    </div>
                    <div
                      class="toggler on disabled"
                    >
                      <input
                        checked=""
                        disabled=""
                        type="checkbox"
                      />
                      <div
                        class="toggle-button on"
                      />
                    </div>
                  </div>
                </div>
              </div>
            </div>
            <div
              class="completion-control disabled"
            >
              <div
                class="label"
              >
                SCORM Packages
              </div>
              <div
                class="control"
              >
                <div
                  class="nti-toggle-input"
                >
                  <div
                    class="toggler-container"
                  >
                    <div
                      class="toggle-label off"
                    >
                      Off
                    </div>
                    <div
                      class="toggler off disabled"
                    >
                      <input
                        disabled=""
                        type="checkbox"
                      />
                      <div
                        class="toggle-button off"
                      />
                    </div>
                  </div>
                </div>
              </div>
            </div>
          </div>
        </div>
      </div>
      <div
        class="group"
      >
        <span
          class="title ntiText"
        >
          Completion Awards
        </span>
        <div
          class="completion-control no-border"
        >
          <div
            class="label"
          >
            Certificate of Completion
          </div>
          <div
            class="control"
          >
            <div
              class="nti-toggle-input"
              data-testid="certificate-policy-switch"
            >
              <div
                class="toggler-container"
              >
                <div
                  class="toggle-label off"
                >
                  Off
                </div>
                <div
                  class="toggler off"
                >
                  <input
                    type="checkbox"
                  />
                  <div
                    class="toggle-button off"
                  />
                </div>
              </div>
            </div>
          </div>
        </div>
        <div
          class="certificate-selection"
        />
      </div>
    </div>
  </div>
</DocumentFragment>
`;

exports[`Course admin advanced completion test (with requirables) renders not completable 1`] = `
<DocumentFragment>
  <div
    class="course-admin-completion"
  >
    <div
      class="content"
    >
      <div
        class="error"
      />
      <div
        class="group"
      >
        <div
          class="completion-control no-border disabled"
        >
          <div
            class="label"
          >
            <h1
              class="title ntiText"
            >
              Completion Requirements
            </h1>
          </div>
          <div
            class="control"
          >
            <div
              class="nti-toggle-input"
            >
              <div
                class="toggler-container"
              >
                <div
                  class="toggle-label off"
                >
                  Off
                </div>
                <div
                  class="toggler off disabled"
                >
                  <input
                    disabled=""
                    type="checkbox"
                  />
                  <div
                    class="toggle-button off"
                  />
                </div>
              </div>
            </div>
          </div>
        </div>
        <div
          class="completion-control no-border"
        >
          <div
            class="label"
          >
            <span
              class="ntiText"
            >
              Configure the completion criteria your learners need to meet to earn Credit, Certificates, and Badges.
            </span>
            <div>
              <svg
                class="svg-icon nt-icon"
              >
                <g
                  fill="none"
                  fill-rule="evenodd"
                  stroke="none"
                  stroke-width="1"
                >
                  <g
                    transform="translate(-411.000000, -187.000000)"
                  >
                    <g
                      transform="translate(411.000000, 187.000000)"
                    >
                      <circle
                        cx="20"
                        cy="20"
                        r="18.5"
                        stroke="currentColor"
                        stroke-width="3"
                      />
                      <text
                        fill="currentColor"
                        font-family="OpenSans-Bold, Open Sans"
                        font-size="25"
                        font-weight="bold"
                      >
                        <tspan
                          x="16.4233398"
                          y="29"
                        >
                          !
                        </tspan>
                      </text>
                    </g>
                  </g>
                </g>
              </svg>
              <span
                class="ntiText"
              >
                Be sure to confirm all course content is final before allowing completion tracking, as further edits will impact learner reports.
              </span>
            </div>
          </div>
          <div
            class="control"
          />
        </div>
        <div
          class="completion-control disabled"
        >
          <div
            class="label"
          >
            Percentage (1 to 100)
          </div>
          <div
            class="control"
          >
            <input
              class="number-input-component nti-number-input nti-text-input invalid"
              disabled=""
              max="100"
              min="1"
              pattern="[0-9]*"
              step="1"
              type="text"
              value=""
            />
          </div>
        </div>
        <div
          class="default-required-container disabled"
        >
          <div
            class="header"
          >
            Required by Default
          </div>
          <div
            class="items"
          >
            <div
              class="completion-control disabled"
            >
              <div
                class="label"
              >
                Assignments
              </div>
              <div
                class="control"
              >
                <div
                  class="nti-toggle-input"
                >
                  <div
                    class="toggler-container"
                  >
                    <div
                      class="toggle-label off"
                    >
                      Off
                    </div>
                    <div
                      class="toggler off disabled"
                    >
                      <input
                        disabled=""
                        type="checkbox"
                      />
                      <div
                        class="toggle-button off"
                      />
                    </div>
                  </div>
                </div>
              </div>
            </div>
            <div
              class="completion-control disabled"
            >
              <div
                class="label"
              >
                Events
              </div>
              <div
                class="control"
              >
                <div
                  class="nti-toggle-input"
                >
                  <div
                    class="toggler-container"
                  >
                    <div
                      class="toggle-label off"
                    >
                      Off
                    </div>
                    <div
                      class="toggler off disabled"
                    >
                      <input
                        disabled=""
                        type="checkbox"
                      />
                      <div
                        class="toggle-button off"
                      />
                    </div>
                  </div>
                </div>
              </div>
            </div>
            <div
              class="completion-control disabled"
            >
              <div
                class="label"
              >
                External Links and Uploads
              </div>
              <div
                class="control"
              >
                <div
                  class="nti-toggle-input"
                >
                  <div
                    class="toggler-container"
                  >
                    <div
                      class="toggle-label off"
                    >
                      Off
                    </div>
                    <div
                      class="toggler off disabled"
                    >
                      <input
                        disabled=""
                        type="checkbox"
                      />
                      <div
                        class="toggle-button off"
                      />
                    </div>
                  </div>
                </div>
              </div>
            </div>
            <div
              class="completion-control disabled"
            >
              <div
                class="label"
              >
                LTI Tools
              </div>
              <div
                class="control"
              >
                <div
                  class="nti-toggle-input"
                >
                  <div
                    class="toggler-container"
                  >
                    <div
                      class="toggle-label off"
                    >
                      Off
                    </div>
                    <div
                      class="toggler off disabled"
                    >
                      <input
                        disabled=""
                        type="checkbox"
                      />
                      <div
                        class="toggle-button off"
                      />
                    </div>
                  </div>
                </div>
              </div>
            </div>
            <div
              class="completion-control disabled"
            >
              <div
                class="label"
              >
                Readings
              </div>
              <div
                class="control"
              >
                <div
                  class="nti-toggle-input"
                >
                  <div
                    class="toggler-container"
                  >
                    <div
                      class="toggle-label off"
                    >
                      Off
                    </div>
                    <div
                      class="toggler off disabled"
                    >
                      <input
                        disabled=""
                        type="checkbox"
                      />
                      <div
                        class="toggle-button off"
                      />
                    </div>
                  </div>
                </div>
              </div>
            </div>
            <div
              class="completion-control disabled"
            >
              <div
                class="label"
              >
                Surveys
              </div>
              <div
                class="control"
              >
                <div
                  class="nti-toggle-input"
                >
                  <div
                    class="toggler-container"
                  >
                    <div
                      class="toggle-label off"
                    >
                      Off
                    </div>
                    <div
                      class="toggler off disabled"
                    >
                      <input
                        disabled=""
                        type="checkbox"
                      />
                      <div
                        class="toggle-button off"
                      />
                    </div>
                  </div>
                </div>
              </div>
            </div>
            <div
              class="completion-control disabled has-description"
            >
              <div
                class="label"
              >
                Videos
              </div>
              <div
                class="control"
              >
                <div
                  class="nti-toggle-input"
                >
                  <div
                    class="toggler-container"
                  >
                    <div
                      class="toggle-label off"
                    >
                      Off
                    </div>
                    <div
                      class="toggler off disabled"
                    >
                      <input
                        disabled=""
                        type="checkbox"
                      />
                      <div
                        class="toggle-button off"
                      />
                    </div>
                  </div>
                </div>
              </div>
            </div>
            <span
              class="description ntiText"
            >
              Learners must view 95% of the total runtime to complete a required video. A watch history timeline becomes available to learners once they have started a video.
            </span>
            <div
              class="completion-control disabled"
            >
              <div
                class="label"
              >
                Webinars
              </div>
              <div
                class="control"
              >
                <div
                  class="nti-toggle-input"
                >
                  <div
                    class="toggler-container"
                  >
                    <div
                      class="toggle-label off"
                    >
                      Off
                    </div>
                    <div
                      class="toggler off disabled"
                    >
                      <input
                        disabled=""
                        type="checkbox"
                      />
                      <div
                        class="toggle-button off"
                      />
                    </div>
                  </div>
                </div>
              </div>
            </div>
            <div
              class="completion-control disabled"
            >
              <div
                class="label"
              >
                SCORM Packages
              </div>
              <div
                class="control"
              >
                <div
                  class="nti-toggle-input"
                >
                  <div
                    class="toggler-container"
                  >
                    <div
                      class="toggle-label off"
                    >
                      Off
                    </div>
                    <div
                      class="toggler off disabled"
                    >
                      <input
                        disabled=""
                        type="checkbox"
                      />
                      <div
                        class="toggle-button off"
                      />
                    </div>
                  </div>
                </div>
              </div>
            </div>
          </div>
        </div>
      </div>
      <div
        class="group"
      >
        <span
          class="title ntiText"
        >
          Completion Awards
        </span>
        <div
          class="completion-control no-border disabled"
        >
          <div
            class="label"
          >
            Certificate of Completion
          </div>
          <div
            class="control"
          >
            <div
              class="nti-toggle-input"
              data-testid="certificate-policy-switch"
            >
              <div
                class="toggler-container"
              >
                <div
                  class="toggle-label off"
                >
                  Off
                </div>
                <div
                  class="toggler off disabled"
                >
                  <input
                    disabled=""
                    type="checkbox"
                  />
                  <div
                    class="toggle-button off"
                  />
                </div>
              </div>
            </div>
          </div>
        </div>
        <div
          class="certificate-selection"
        />
      </div>
    </div>
  </div>
</DocumentFragment>
`;
