// Jest Snapshot v1, https://goo.gl/fbAQLP

exports[`Course overview timeline item test Grid item completable, requirement edtiable 1`] = `
<div
  className="lesson-overview-padded-container"
>
  <div
    className="nti-link-to-path"
    to="#"
  >
    <div
      className="content-link related-work-ref"
      target={null}
    >
      <div
        className="file-type icon fallback www"
        style={Object {}}
      />
      <h5>
        Timeline item 1
      </h5>
      <div
        className="label"
      >
        By Timeline Creator
      </div>
      <div
        className="description"
        dangerouslySetInnerHTML={
          Object {
            "__html": "this is a test timeline overview item",
          }
        }
      />
    </div>
  </div>
</div>
`;

exports[`Course overview timeline item test Grid item with 5 comments, completable, required 1`] = `
<div
  className="lesson-overview-padded-container"
>
  <div
    className="nti-link-to-path"
    to="#"
  >
    <div
      className="content-link related-work-ref"
      target={null}
    >
      <div
        className="file-type icon fallback www"
        style={Object {}}
      />
      <h5>
        Timeline item 1
      </h5>
      <div
        className="label"
      >
        By Timeline Creator
      </div>
      <div
        className="description"
        dangerouslySetInnerHTML={
          Object {
            "__html": "this is a test timeline overview item",
          }
        }
      />
    </div>
  </div>
</div>
`;

exports[`Course overview timeline item test List item completable, requirement edtiable 1`] = `
<div
  className="lesson-overview-padded-container lesson-overview-base-list-item-container"
>
  <div
    className="lesson-overview-base-list-item-table-row"
  >
    <div
      className="lesson-overview-base-list-item-table-info-cell"
    >
      <div
        className="nti-link-to-path lesson-overview-base-list-item-link"
        to="#"
      >
        <div
          className="lesson-overview-base-list-item"
        >
          <div
            className="icon-container"
          >
            <div
              className="icon"
            >
              <div
                className="file-type icon fallback www lesson-overview-base-list-item-icon"
                style={Object {}}
              >
                <div
                  className="external"
                />
              </div>
            </div>
          </div>
          <div
            className="right"
          >
            <div
              className="title plain"
            >
              Timeline item 1
            </div>
            <div
              className="labels"
            />
          </div>
        </div>
      </div>
    </div>
  </div>
</div>
`;

exports[`Course overview timeline item test List item with 5 comments, completable, required 1`] = `
<div
  className="lesson-overview-padded-container lesson-overview-base-list-item-container"
>
  <div
    className="lesson-overview-base-list-item-table-row"
  >
    <div
      className="lesson-overview-base-list-item-table-info-cell"
    >
      <div
        className="nti-link-to-path lesson-overview-base-list-item-link"
        to="#"
      >
        <div
          className="lesson-overview-base-list-item"
        >
          <div
            className="icon-container"
          >
            <div
              className="icon"
            >
              <div
                className="file-type icon fallback www lesson-overview-base-list-item-icon"
                style={Object {}}
              >
                <div
                  className="external"
                />
              </div>
            </div>
          </div>
          <div
            className="right"
          >
            <div
              className="title plain"
            >
              Timeline item 1
            </div>
            <div
              className="labels"
            />
          </div>
        </div>
      </div>
    </div>
  </div>
</div>
`;
