// Jest Snapshot v1, https://goo.gl/fbAQLP

exports[`Progress widgets user grade card test With grade 1`] = `
<DocumentFragment>
  <div
    class="user-grade-card"
  >
    <div
      class="avatar-container"
    >
      <img
        alt="Avatar for Anonymous User"
        class="avatar avatar avatar-color-6 avatar"
        src="unresolved-user-avatar.png"
      />
      <div
        class="grade-container"
      >
        <div
          class="grade"
        >
          76
        </div>
      </div>
    </div>
    <div
      class="user-name"
    >
      <span
        class="username"
        rel="author"
      >
        Anonymous User
      </span>
    </div>
    <div
      class="sub-info"
    >
      testuser
    </div>
  </div>
</DocumentFragment>
`;

exports[`Progress widgets user grade card test Without grade 1`] = `
<DocumentFragment>
  <div
    class="user-grade-card"
  >
    <div
      class="avatar-container"
    >
      <img
        alt="Avatar for Anonymous User"
        class="avatar avatar avatar-color-6 avatar"
        src="unresolved-user-avatar.png"
      />
      <div
        class="grade-container"
      >
        <div
          class="grade"
        >
          -
        </div>
      </div>
    </div>
    <div
      class="user-name"
    >
      <span
        class="username"
        rel="author"
      >
        Anonymous User
      </span>
    </div>
    <div
      class="sub-info"
    >
      testuser
    </div>
  </div>
</DocumentFragment>
`;
